// Jest Snapshot v1, https://goo.gl/fbAQLP

exports[`Input Testing should match snapshot 1`] = `
Object {
  "asFragment": [Function],
  "baseElement": .c0 {
  display: -webkit-box;
  display: -webkit-flex;
  display: -ms-flexbox;
  display: flex;
  -webkit-align-items: center;
  -webkit-box-align: center;
  -ms-flex-align: center;
  align-items: center;
  margin-bottom: 1rem;
  border-radius: 20px;
  -webkit-transform: scale(0.5);
  -ms-transform: scale(0.5);
  transform: scale(0.5);
  -ms-transform: scale(0.5);
  -webkit-transform: scale(0.5);
  background-color: #EEEEEE;
  box-shadow: 0 10px 40px #EEEEEE, 0 0 0 20px #393E46, 0 0 0 20px #EEEEEE;
  box-shadow: 0 10px 40px #eeeeee,0 0 0 20px #393e46,0 0 0 20px #eeeeee;
}

.c0:hover {
  box-shadow: 0 10px 40px #393E46, 0 0 0 20px #EEEEEE, 0 0 0 20px #EEEEEE;
}

.c1 {
  text-indent: 4rem;
  padding: 0;
  margin: 0;
  border: 0;
  outline: none;
  background-color: transparent;
  color: #393E46;
  width: 100%;
  height: 96px;
  font-size: 60px;
  line-height: 1;
  white-space: nowrap;
  overflow: hidden;
  text-overflow: ellipsis;
}

<body>
    <div>
      <div
        class="c0"
      >
        <input
          class="c1"
          placeholder="Digite seu estado"
          type="text"
          value=""
        />
      </div>
    </div>
  </body>,
  "container": .c0 {
  display: -webkit-box;
  display: -webkit-flex;
  display: -ms-flexbox;
  display: flex;
  -webkit-align-items: center;
  -webkit-box-align: center;
  -ms-flex-align: center;
  align-items: center;
  margin-bottom: 1rem;
  border-radius: 20px;
  -webkit-transform: scale(0.5);
  -ms-transform: scale(0.5);
  transform: scale(0.5);
  -ms-transform: scale(0.5);
  -webkit-transform: scale(0.5);
  background-color: #EEEEEE;
  box-shadow: 0 10px 40px #EEEEEE, 0 0 0 20px #393E46, 0 0 0 20px #EEEEEE;
  box-shadow: 0 10px 40px #eeeeee,0 0 0 20px #393e46,0 0 0 20px #eeeeee;
}

.c0:hover {
  box-shadow: 0 10px 40px #393E46, 0 0 0 20px #EEEEEE, 0 0 0 20px #EEEEEE;
}

.c1 {
  text-indent: 4rem;
  padding: 0;
  margin: 0;
  border: 0;
  outline: none;
  background-color: transparent;
  color: #393E46;
  width: 100%;
  height: 96px;
  font-size: 60px;
  line-height: 1;
  white-space: nowrap;
  overflow: hidden;
  text-overflow: ellipsis;
}

<div>
    <div
      class="c0"
    >
      <input
        class="c1"
        placeholder="Digite seu estado"
        type="text"
        value=""
      />
    </div>
  </div>,
  "debug": [Function],
  "findAllByAltText": [Function],
  "findAllByDisplayValue": [Function],
  "findAllByLabelText": [Function],
  "findAllByPlaceholderText": [Function],
  "findAllByRole": [Function],
  "findAllByTestId": [Function],
  "findAllByText": [Function],
  "findAllByTitle": [Function],
  "findByAltText": [Function],
  "findByDisplayValue": [Function],
  "findByLabelText": [Function],
  "findByPlaceholderText": [Function],
  "findByRole": [Function],
  "findByTestId": [Function],
  "findByText": [Function],
  "findByTitle": [Function],
  "getAllByAltText": [Function],
  "getAllByDisplayValue": [Function],
  "getAllByLabelText": [Function],
  "getAllByPlaceholderText": [Function],
  "getAllByRole": [Function],
  "getAllByTestId": [Function],
  "getAllByText": [Function],
  "getAllByTitle": [Function],
  "getByAltText": [Function],
  "getByDisplayValue": [Function],
  "getByLabelText": [Function],
  "getByPlaceholderText": [Function],
  "getByRole": [Function],
  "getByTestId": [Function],
  "getByText": [Function],
  "getByTitle": [Function],
  "queryAllByAltText": [Function],
  "queryAllByDisplayValue": [Function],
  "queryAllByLabelText": [Function],
  "queryAllByPlaceholderText": [Function],
  "queryAllByRole": [Function],
  "queryAllByTestId": [Function],
  "queryAllByText": [Function],
  "queryAllByTitle": [Function],
  "queryByAltText": [Function],
  "queryByDisplayValue": [Function],
  "queryByLabelText": [Function],
  "queryByPlaceholderText": [Function],
  "queryByRole": [Function],
  "queryByTestId": [Function],
  "queryByText": [Function],
  "queryByTitle": [Function],
  "rerender": [Function],
  "unmount": [Function],
}
`;
