// Jest Snapshot v1, https://goo.gl/fbAQLP

exports[`Button Testing should match snapshot 1`] = `
Object {
  "asFragment": [Function],
  "baseElement": .c0 {
  display: grid;
  place-items: center;
}

.c1 {
  font-size: 2rem;
  cursor: pointer;
  position: relative;
  padding: 0.25em 1em;
  border-radius: 0.25em;
  display: inline-block;
  -webkit-text-decoration: none;
  text-decoration: none;
  color: #EEEEEE;
  border: #EEEEEE 0.125em solid;
  text-shadow: 0 0 0.125em hsl(0 0% 100% / 0.3), 0 0 0.45em #EEEEEE;
  box-shadow: inset 0 0 0.5em 0 white,0 0 0.5em 0 white;
}

.c1::before {
  content: '';
  position: absolute;
  pointer-events: none;
  top: 120%;
  left: 0;
  width: 100%;
  height: 100%;
  opacity: 0.7;
  -webkit-filter: blur(1em);
  filter: blur(1em);
  background-color: #EEEEEE;
  -webkit-transform: perspective(1em) rotateX(40deg) scale(1,0.35);
  -ms-transform: perspective(1em) rotateX(40deg) scale(1,0.35);
  transform: perspective(1em) rotateX(40deg) scale(1,0.35);
}

.c1:hover,
.c1:focus {
  color: #393E46;
  background-color: #EEEEEE;
  text-shadow: none;
}

.c1:hover::before,
.c1:focus::before {
  opacity: 1;
}

<body>
    <div>
      <div
        class="c0"
      >
        <a
          class="c1"
        >
          Buscar
        </a>
      </div>
    </div>
  </body>,
  "container": .c0 {
  display: grid;
  place-items: center;
}

.c1 {
  font-size: 2rem;
  cursor: pointer;
  position: relative;
  padding: 0.25em 1em;
  border-radius: 0.25em;
  display: inline-block;
  -webkit-text-decoration: none;
  text-decoration: none;
  color: #EEEEEE;
  border: #EEEEEE 0.125em solid;
  text-shadow: 0 0 0.125em hsl(0 0% 100% / 0.3), 0 0 0.45em #EEEEEE;
  box-shadow: inset 0 0 0.5em 0 white,0 0 0.5em 0 white;
}

.c1::before {
  content: '';
  position: absolute;
  pointer-events: none;
  top: 120%;
  left: 0;
  width: 100%;
  height: 100%;
  opacity: 0.7;
  -webkit-filter: blur(1em);
  filter: blur(1em);
  background-color: #EEEEEE;
  -webkit-transform: perspective(1em) rotateX(40deg) scale(1,0.35);
  -ms-transform: perspective(1em) rotateX(40deg) scale(1,0.35);
  transform: perspective(1em) rotateX(40deg) scale(1,0.35);
}

.c1:hover,
.c1:focus {
  color: #393E46;
  background-color: #EEEEEE;
  text-shadow: none;
}

.c1:hover::before,
.c1:focus::before {
  opacity: 1;
}

<div>
    <div
      class="c0"
    >
      <a
        class="c1"
      >
        Buscar
      </a>
    </div>
  </div>,
  "debug": [Function],
  "findAllByAltText": [Function],
  "findAllByDisplayValue": [Function],
  "findAllByLabelText": [Function],
  "findAllByPlaceholderText": [Function],
  "findAllByRole": [Function],
  "findAllByTestId": [Function],
  "findAllByText": [Function],
  "findAllByTitle": [Function],
  "findByAltText": [Function],
  "findByDisplayValue": [Function],
  "findByLabelText": [Function],
  "findByPlaceholderText": [Function],
  "findByRole": [Function],
  "findByTestId": [Function],
  "findByText": [Function],
  "findByTitle": [Function],
  "getAllByAltText": [Function],
  "getAllByDisplayValue": [Function],
  "getAllByLabelText": [Function],
  "getAllByPlaceholderText": [Function],
  "getAllByRole": [Function],
  "getAllByTestId": [Function],
  "getAllByText": [Function],
  "getAllByTitle": [Function],
  "getByAltText": [Function],
  "getByDisplayValue": [Function],
  "getByLabelText": [Function],
  "getByPlaceholderText": [Function],
  "getByRole": [Function],
  "getByTestId": [Function],
  "getByText": [Function],
  "getByTitle": [Function],
  "queryAllByAltText": [Function],
  "queryAllByDisplayValue": [Function],
  "queryAllByLabelText": [Function],
  "queryAllByPlaceholderText": [Function],
  "queryAllByRole": [Function],
  "queryAllByTestId": [Function],
  "queryAllByText": [Function],
  "queryAllByTitle": [Function],
  "queryByAltText": [Function],
  "queryByDisplayValue": [Function],
  "queryByLabelText": [Function],
  "queryByPlaceholderText": [Function],
  "queryByRole": [Function],
  "queryByTestId": [Function],
  "queryByText": [Function],
  "queryByTitle": [Function],
  "rerender": [Function],
  "unmount": [Function],
}
`;

exports[`Button Testing should render snapshot 1`] = `
Object {
  "asFragment": [Function],
  "baseElement": .c0 {
  display: grid;
  place-items: center;
}

.c1 {
  font-size: 2rem;
  cursor: pointer;
  position: relative;
  padding: 0.25em 1em;
  border-radius: 0.25em;
  display: inline-block;
  -webkit-text-decoration: none;
  text-decoration: none;
  color: #EEEEEE;
  border: #EEEEEE 0.125em solid;
  text-shadow: 0 0 0.125em hsl(0 0% 100% / 0.3), 0 0 0.45em #EEEEEE;
  box-shadow: inset 0 0 0.5em 0 white,0 0 0.5em 0 white;
}

.c1::before {
  content: '';
  position: absolute;
  pointer-events: none;
  top: 120%;
  left: 0;
  width: 100%;
  height: 100%;
  opacity: 0.7;
  -webkit-filter: blur(1em);
  filter: blur(1em);
  background-color: #EEEEEE;
  -webkit-transform: perspective(1em) rotateX(40deg) scale(1,0.35);
  -ms-transform: perspective(1em) rotateX(40deg) scale(1,0.35);
  transform: perspective(1em) rotateX(40deg) scale(1,0.35);
}

.c1:hover,
.c1:focus {
  color: #393E46;
  background-color: #EEEEEE;
  text-shadow: none;
}

.c1:hover::before,
.c1:focus::before {
  opacity: 1;
}

<body>
    <div>
      <div
        class="c0"
      >
        <a
          class="c1"
        >
          Buscar
        </a>
      </div>
    </div>
  </body>,
  "container": .c0 {
  display: grid;
  place-items: center;
}

.c1 {
  font-size: 2rem;
  cursor: pointer;
  position: relative;
  padding: 0.25em 1em;
  border-radius: 0.25em;
  display: inline-block;
  -webkit-text-decoration: none;
  text-decoration: none;
  color: #EEEEEE;
  border: #EEEEEE 0.125em solid;
  text-shadow: 0 0 0.125em hsl(0 0% 100% / 0.3), 0 0 0.45em #EEEEEE;
  box-shadow: inset 0 0 0.5em 0 white,0 0 0.5em 0 white;
}

.c1::before {
  content: '';
  position: absolute;
  pointer-events: none;
  top: 120%;
  left: 0;
  width: 100%;
  height: 100%;
  opacity: 0.7;
  -webkit-filter: blur(1em);
  filter: blur(1em);
  background-color: #EEEEEE;
  -webkit-transform: perspective(1em) rotateX(40deg) scale(1,0.35);
  -ms-transform: perspective(1em) rotateX(40deg) scale(1,0.35);
  transform: perspective(1em) rotateX(40deg) scale(1,0.35);
}

.c1:hover,
.c1:focus {
  color: #393E46;
  background-color: #EEEEEE;
  text-shadow: none;
}

.c1:hover::before,
.c1:focus::before {
  opacity: 1;
}

<div>
    <div
      class="c0"
    >
      <a
        class="c1"
      >
        Buscar
      </a>
    </div>
  </div>,
  "debug": [Function],
  "findAllByAltText": [Function],
  "findAllByDisplayValue": [Function],
  "findAllByLabelText": [Function],
  "findAllByPlaceholderText": [Function],
  "findAllByRole": [Function],
  "findAllByTestId": [Function],
  "findAllByText": [Function],
  "findAllByTitle": [Function],
  "findByAltText": [Function],
  "findByDisplayValue": [Function],
  "findByLabelText": [Function],
  "findByPlaceholderText": [Function],
  "findByRole": [Function],
  "findByTestId": [Function],
  "findByText": [Function],
  "findByTitle": [Function],
  "getAllByAltText": [Function],
  "getAllByDisplayValue": [Function],
  "getAllByLabelText": [Function],
  "getAllByPlaceholderText": [Function],
  "getAllByRole": [Function],
  "getAllByTestId": [Function],
  "getAllByText": [Function],
  "getAllByTitle": [Function],
  "getByAltText": [Function],
  "getByDisplayValue": [Function],
  "getByLabelText": [Function],
  "getByPlaceholderText": [Function],
  "getByRole": [Function],
  "getByTestId": [Function],
  "getByText": [Function],
  "getByTitle": [Function],
  "queryAllByAltText": [Function],
  "queryAllByDisplayValue": [Function],
  "queryAllByLabelText": [Function],
  "queryAllByPlaceholderText": [Function],
  "queryAllByRole": [Function],
  "queryAllByTestId": [Function],
  "queryAllByText": [Function],
  "queryAllByTitle": [Function],
  "queryByAltText": [Function],
  "queryByDisplayValue": [Function],
  "queryByLabelText": [Function],
  "queryByPlaceholderText": [Function],
  "queryByRole": [Function],
  "queryByTestId": [Function],
  "queryByText": [Function],
  "queryByTitle": [Function],
  "rerender": [Function],
  "unmount": [Function],
}
`;
