// Jest Snapshot v1, https://goo.gl/fbAQLP

exports[`Sidebar Testing should match snapshot 1`] = `
Object {
  "asFragment": [Function],
  "baseElement": .c0 {
  grid-area: sidebar;
  color: #EEEEEE;
  font-family: Roboto,sans-serif;
  -webkit-transform: translateX(-50px);
  -ms-transform: translateX(-50px);
  transform: translateX(-50px);
  -webkit-animation: eQudGy 0.5s linear forwards;
  animation: eQudGy 0.5s linear forwards;
}

.c1 {
  text-align: center;
  font-size: 2rem;
  margin: 1rem 0 3rem 0;
}

.c3 {
  display: -webkit-box;
  display: -webkit-flex;
  display: -ms-flexbox;
  display: flex;
  margin-left: 44px;
}

.c3 p + p {
  margin-left: 1rem;
}

.c3 p {
  margin: 0;
}

.c8 {
  width: 130px;
  margin-left: 2rem;
  white-space: nowrap;
  overflow: hidden;
  text-overflow: ellipsis;
}

.c4 {
  margin: 0;
  padding: 0;
  list-style: none;
  height: calc(100vh - 495px);
  overflow-y: scroll;
}

.c4::-webkit-scrollbar {
  width: 10px;
}

.c4::-webkit-scrollbar-thumb {
  background-color: #EEEEEE;
}

.c4::-webkit-scrollbar-track {
  border: 1px solid #EEEEEE;
  border-radius: 3px;
}

.c5 {
  display: -webkit-box;
  display: -webkit-flex;
  display: -ms-flexbox;
  display: flex;
  -webkit-align-items: center;
  -webkit-box-align: center;
  -ms-flex-align: center;
  align-items: center;
  -webkit-box-pack: space-evenly;
  -webkit-justify-content: space-evenly;
  -ms-flex-pack: space-evenly;
  justify-content: space-evenly;
  position: relative;
  border: 1px solid #EEEEEE;
  border-radius: 5px;
  margin: 10px 1rem;
  padding: 5px;
  cursor: pointer;
  -webkit-transition: all 0.2s;
  transition: all 0.2s;
}

.c5 .c2 {
  margin-left: 0;
}

.c5:hover {
  opacity: 0.7;
  font-weight: 600;
  -webkit-transform: translateX(10px);
  -ms-transform: translateX(10px);
  transform: translateX(10px);
}

.c5:hover .c7 {
  overflow: visible;
  white-space: normal;
  display: -webkit-box;
  display: -webkit-flex;
  display: -ms-flexbox;
  display: flex;
  -webkit-flex-wrap: wrap;
  -ms-flex-wrap: wrap;
  flex-wrap: wrap;
}

.c6 {
  position: absolute;
  left: 0;
  width: 10px;
  height: 60%;
  border-radius: 1px;
  background-color: #EEEEEE;
}

.c9 {
  text-align: center;
  margin: 40px 0;
  font-size: 20px;
}

@media (max-width:870px) {
  .c5 {
    -webkit-box-pack: start;
    -webkit-justify-content: start;
    -ms-flex-pack: start;
    justify-content: start;
    padding-left: 30px;
  }
}

<body>
    <div>
      <section
        class="c0"
      >
        <h1
          class="c1"
        >
          Estados
        </h1>
        <div
          class="c2 c3"
        >
          <p>
            Min
          </p>
          <p>
            Max
          </p>
        </div>
        <ul
          class="c4"
        >
          <li
            class="c5"
          >
            <span
              class="c6"
            />
            <div
              class="c2 c3"
            >
              <p>
                °
              </p>
              <p>
                °
              </p>
            </div>
            <p
              class="c7 c8"
            />
          </li>
          <li
            class="c5"
          >
            <span
              class="c6"
            />
            <div
              class="c2 c3"
            >
              <p>
                °
              </p>
              <p>
                °
              </p>
            </div>
            <p
              class="c7 c8"
            />
          </li>
          <li
            class="c5"
          >
            <span
              class="c6"
            />
            <div
              class="c2 c3"
            >
              <p>
                °
              </p>
              <p>
                °
              </p>
            </div>
            <p
              class="c7 c8"
            />
          </li>
          <li
            class="c5"
          >
            <span
              class="c6"
            />
            <div
              class="c2 c3"
            >
              <p>
                °
              </p>
              <p>
                °
              </p>
            </div>
            <p
              class="c7 c8"
            />
          </li>
          <li
            class="c5"
          >
            <span
              class="c6"
            />
            <div
              class="c2 c3"
            >
              <p>
                °
              </p>
              <p>
                °
              </p>
            </div>
            <p
              class="c7 c8"
            />
          </li>
          <li
            class="c5"
          >
            <span
              class="c6"
            />
            <div
              class="c2 c3"
            >
              <p>
                °
              </p>
              <p>
                °
              </p>
            </div>
            <p
              class="c7 c8"
            />
          </li>
          <li
            class="c5"
          >
            <span
              class="c6"
            />
            <div
              class="c2 c3"
            >
              <p>
                °
              </p>
              <p>
                °
              </p>
            </div>
            <p
              class="c7 c8"
            />
          </li>
          <li
            class="c5"
          >
            <span
              class="c6"
            />
            <div
              class="c2 c3"
            >
              <p>
                °
              </p>
              <p>
                °
              </p>
            </div>
            <p
              class="c7 c8"
            />
          </li>
        </ul>
        <p
          class="c9"
        >
          © 
          2022
           | Carlos Oliveira
        </p>
      </section>
    </div>
  </body>,
  "container": .c0 {
  grid-area: sidebar;
  color: #EEEEEE;
  font-family: Roboto,sans-serif;
  -webkit-transform: translateX(-50px);
  -ms-transform: translateX(-50px);
  transform: translateX(-50px);
  -webkit-animation: eQudGy 0.5s linear forwards;
  animation: eQudGy 0.5s linear forwards;
}

.c1 {
  text-align: center;
  font-size: 2rem;
  margin: 1rem 0 3rem 0;
}

.c3 {
  display: -webkit-box;
  display: -webkit-flex;
  display: -ms-flexbox;
  display: flex;
  margin-left: 44px;
}

.c3 p + p {
  margin-left: 1rem;
}

.c3 p {
  margin: 0;
}

.c8 {
  width: 130px;
  margin-left: 2rem;
  white-space: nowrap;
  overflow: hidden;
  text-overflow: ellipsis;
}

.c4 {
  margin: 0;
  padding: 0;
  list-style: none;
  height: calc(100vh - 495px);
  overflow-y: scroll;
}

.c4::-webkit-scrollbar {
  width: 10px;
}

.c4::-webkit-scrollbar-thumb {
  background-color: #EEEEEE;
}

.c4::-webkit-scrollbar-track {
  border: 1px solid #EEEEEE;
  border-radius: 3px;
}

.c5 {
  display: -webkit-box;
  display: -webkit-flex;
  display: -ms-flexbox;
  display: flex;
  -webkit-align-items: center;
  -webkit-box-align: center;
  -ms-flex-align: center;
  align-items: center;
  -webkit-box-pack: space-evenly;
  -webkit-justify-content: space-evenly;
  -ms-flex-pack: space-evenly;
  justify-content: space-evenly;
  position: relative;
  border: 1px solid #EEEEEE;
  border-radius: 5px;
  margin: 10px 1rem;
  padding: 5px;
  cursor: pointer;
  -webkit-transition: all 0.2s;
  transition: all 0.2s;
}

.c5 .c2 {
  margin-left: 0;
}

.c5:hover {
  opacity: 0.7;
  font-weight: 600;
  -webkit-transform: translateX(10px);
  -ms-transform: translateX(10px);
  transform: translateX(10px);
}

.c5:hover .c7 {
  overflow: visible;
  white-space: normal;
  display: -webkit-box;
  display: -webkit-flex;
  display: -ms-flexbox;
  display: flex;
  -webkit-flex-wrap: wrap;
  -ms-flex-wrap: wrap;
  flex-wrap: wrap;
}

.c6 {
  position: absolute;
  left: 0;
  width: 10px;
  height: 60%;
  border-radius: 1px;
  background-color: #EEEEEE;
}

.c9 {
  text-align: center;
  margin: 40px 0;
  font-size: 20px;
}

@media (max-width:870px) {
  .c5 {
    -webkit-box-pack: start;
    -webkit-justify-content: start;
    -ms-flex-pack: start;
    justify-content: start;
    padding-left: 30px;
  }
}

<div>
    <section
      class="c0"
    >
      <h1
        class="c1"
      >
        Estados
      </h1>
      <div
        class="c2 c3"
      >
        <p>
          Min
        </p>
        <p>
          Max
        </p>
      </div>
      <ul
        class="c4"
      >
        <li
          class="c5"
        >
          <span
            class="c6"
          />
          <div
            class="c2 c3"
          >
            <p>
              °
            </p>
            <p>
              °
            </p>
          </div>
          <p
            class="c7 c8"
          />
        </li>
        <li
          class="c5"
        >
          <span
            class="c6"
          />
          <div
            class="c2 c3"
          >
            <p>
              °
            </p>
            <p>
              °
            </p>
          </div>
          <p
            class="c7 c8"
          />
        </li>
        <li
          class="c5"
        >
          <span
            class="c6"
          />
          <div
            class="c2 c3"
          >
            <p>
              °
            </p>
            <p>
              °
            </p>
          </div>
          <p
            class="c7 c8"
          />
        </li>
        <li
          class="c5"
        >
          <span
            class="c6"
          />
          <div
            class="c2 c3"
          >
            <p>
              °
            </p>
            <p>
              °
            </p>
          </div>
          <p
            class="c7 c8"
          />
        </li>
        <li
          class="c5"
        >
          <span
            class="c6"
          />
          <div
            class="c2 c3"
          >
            <p>
              °
            </p>
            <p>
              °
            </p>
          </div>
          <p
            class="c7 c8"
          />
        </li>
        <li
          class="c5"
        >
          <span
            class="c6"
          />
          <div
            class="c2 c3"
          >
            <p>
              °
            </p>
            <p>
              °
            </p>
          </div>
          <p
            class="c7 c8"
          />
        </li>
        <li
          class="c5"
        >
          <span
            class="c6"
          />
          <div
            class="c2 c3"
          >
            <p>
              °
            </p>
            <p>
              °
            </p>
          </div>
          <p
            class="c7 c8"
          />
        </li>
        <li
          class="c5"
        >
          <span
            class="c6"
          />
          <div
            class="c2 c3"
          >
            <p>
              °
            </p>
            <p>
              °
            </p>
          </div>
          <p
            class="c7 c8"
          />
        </li>
      </ul>
      <p
        class="c9"
      >
        © 
        2022
         | Carlos Oliveira
      </p>
    </section>
  </div>,
  "debug": [Function],
  "findAllByAltText": [Function],
  "findAllByDisplayValue": [Function],
  "findAllByLabelText": [Function],
  "findAllByPlaceholderText": [Function],
  "findAllByRole": [Function],
  "findAllByTestId": [Function],
  "findAllByText": [Function],
  "findAllByTitle": [Function],
  "findByAltText": [Function],
  "findByDisplayValue": [Function],
  "findByLabelText": [Function],
  "findByPlaceholderText": [Function],
  "findByRole": [Function],
  "findByTestId": [Function],
  "findByText": [Function],
  "findByTitle": [Function],
  "getAllByAltText": [Function],
  "getAllByDisplayValue": [Function],
  "getAllByLabelText": [Function],
  "getAllByPlaceholderText": [Function],
  "getAllByRole": [Function],
  "getAllByTestId": [Function],
  "getAllByText": [Function],
  "getAllByTitle": [Function],
  "getByAltText": [Function],
  "getByDisplayValue": [Function],
  "getByLabelText": [Function],
  "getByPlaceholderText": [Function],
  "getByRole": [Function],
  "getByTestId": [Function],
  "getByText": [Function],
  "getByTitle": [Function],
  "queryAllByAltText": [Function],
  "queryAllByDisplayValue": [Function],
  "queryAllByLabelText": [Function],
  "queryAllByPlaceholderText": [Function],
  "queryAllByRole": [Function],
  "queryAllByTestId": [Function],
  "queryAllByText": [Function],
  "queryAllByTitle": [Function],
  "queryByAltText": [Function],
  "queryByDisplayValue": [Function],
  "queryByLabelText": [Function],
  "queryByPlaceholderText": [Function],
  "queryByRole": [Function],
  "queryByTestId": [Function],
  "queryByText": [Function],
  "queryByTitle": [Function],
  "rerender": [Function],
  "unmount": [Function],
}
`;
