// Jest Snapshot v1, https://goo.gl/fbAQLP

exports[`Header Testing should match snapshot 1`] = `
Object {
  "asFragment": [Function],
  "baseElement": .c0 {
  grid-area: header;
  margin: 0 0 0 4rem;
}

.c1 {
  color: #EEEEEE;
  font-family: Roboto,sans-serif;
  font-size: 4rem;
  margin: 0;
  opacity: 0;
  -webkit-transform: translateY(-50px);
  -ms-transform: translateY(-50px);
  transform: translateY(-50px);
  -webkit-animation: eQudGy 0.5s linear forwards;
  animation: eQudGy 0.5s linear forwards;
}

@media (max-width:500px) {
  .c0 {
    margin: 0;
  }
}

@media (max-width:870px) {
  .c1 {
    font-size: 8vw;
  }
}

@media (max-width:500px) {
  .c1 {
    text-align: center;
    font-size: 10vw;
  }
}

<body>
    <div>
      <section
        class="c0"
      >
        <h1
          class="c1"
        >
          Previsão do Tempo
        </h1>
      </section>
    </div>
  </body>,
  "container": .c0 {
  grid-area: header;
  margin: 0 0 0 4rem;
}

.c1 {
  color: #EEEEEE;
  font-family: Roboto,sans-serif;
  font-size: 4rem;
  margin: 0;
  opacity: 0;
  -webkit-transform: translateY(-50px);
  -ms-transform: translateY(-50px);
  transform: translateY(-50px);
  -webkit-animation: eQudGy 0.5s linear forwards;
  animation: eQudGy 0.5s linear forwards;
}

@media (max-width:500px) {
  .c0 {
    margin: 0;
  }
}

@media (max-width:870px) {
  .c1 {
    font-size: 8vw;
  }
}

@media (max-width:500px) {
  .c1 {
    text-align: center;
    font-size: 10vw;
  }
}

<div>
    <section
      class="c0"
    >
      <h1
        class="c1"
      >
        Previsão do Tempo
      </h1>
    </section>
  </div>,
  "debug": [Function],
  "findAllByAltText": [Function],
  "findAllByDisplayValue": [Function],
  "findAllByLabelText": [Function],
  "findAllByPlaceholderText": [Function],
  "findAllByRole": [Function],
  "findAllByTestId": [Function],
  "findAllByText": [Function],
  "findAllByTitle": [Function],
  "findByAltText": [Function],
  "findByDisplayValue": [Function],
  "findByLabelText": [Function],
  "findByPlaceholderText": [Function],
  "findByRole": [Function],
  "findByTestId": [Function],
  "findByText": [Function],
  "findByTitle": [Function],
  "getAllByAltText": [Function],
  "getAllByDisplayValue": [Function],
  "getAllByLabelText": [Function],
  "getAllByPlaceholderText": [Function],
  "getAllByRole": [Function],
  "getAllByTestId": [Function],
  "getAllByText": [Function],
  "getAllByTitle": [Function],
  "getByAltText": [Function],
  "getByDisplayValue": [Function],
  "getByLabelText": [Function],
  "getByPlaceholderText": [Function],
  "getByRole": [Function],
  "getByTestId": [Function],
  "getByText": [Function],
  "getByTitle": [Function],
  "queryAllByAltText": [Function],
  "queryAllByDisplayValue": [Function],
  "queryAllByLabelText": [Function],
  "queryAllByPlaceholderText": [Function],
  "queryAllByRole": [Function],
  "queryAllByTestId": [Function],
  "queryAllByText": [Function],
  "queryAllByTitle": [Function],
  "queryByAltText": [Function],
  "queryByDisplayValue": [Function],
  "queryByLabelText": [Function],
  "queryByPlaceholderText": [Function],
  "queryByRole": [Function],
  "queryByTestId": [Function],
  "queryByText": [Function],
  "queryByTitle": [Function],
  "rerender": [Function],
  "unmount": [Function],
}
`;
